127.0.0.1 - - [09/Jun/2022:01:43:09 +0200] "GET / HTTP/1.1" 404 751
0:0:0:0:0:0:0:1 - - [09/Jun/2022:01:43:40 +0200] "GET /internet/SingIn.xml HTTP/1.1" 404 774
0:0:0:0:0:0:0:1 - - [09/Jun/2022:01:43:41 +0200] "GET /favicon.ico HTTP/1.1" 404 762
127.0.0.1 - - [09/Jun/2022:01:46:33 +0200] "GET / HTTP/1.1" 404 751
0:0:0:0:0:0:0:1 - - [09/Jun/2022:01:46:33 +0200] "GET /internet/SingIn.xhtml HTTP/1.1" 404 678
127.0.0.1 - - [09/Jun/2022:01:49:23 +0200] "GET / HTTP/1.1" 404 751
0:0:0:0:0:0:0:1 - - [09/Jun/2022:01:49:24 +0200] "GET /internet/SingIn.xhtml HTTP/1.1" 404 678
0:0:0:0:0:0:0:1 - - [09/Jun/2022:01:59:03 +0200] "GET /internet/SingIn.xhtml HTTP/1.1" 404 678
127.0.0.1 - - [09/Jun/2022:02:07:01 +0200] "GET / HTTP/1.1" 404 751
0:0:0:0:0:0:0:1 - - [09/Jun/2022:02:07:01 +0200] "GET /internet/SingIn.xhtml HTTP/1.1" 404 678
0:0:0:0:0:0:0:1 - - [09/Jun/2022:02:07:25 +0200] "GET /internet/jsf/SingIn.xhtml HTTP/1.1" 404 678
0:0:0:0:0:0:0:1 - - [09/Jun/2022:02:07:31 +0200] "GET /internet/SingIn.xhtml HTTP/1.1" 404 678
127.0.0.1 - - [09/Jun/2022:02:36:11 +0200] "GET / HTTP/1.1" 404 751
0:0:0:0:0:0:0:1 - - [09/Jun/2022:02:36:18 +0200] "GET /internet/SingIn.xhtml HTTP/1.1" 404 678
0:0:0:0:0:0:0:1 - - [09/Jun/2022:02:36:32 +0200] "GET /internet/SingIn.xhtml HTTP/1.1" 404 678
127.0.0.1 - - [09/Jun/2022:02:37:32 +0200] "GET / HTTP/1.1" 404 751
0:0:0:0:0:0:0:1 - - [09/Jun/2022:02:38:43 +0200] "GET /internet/jsf/SingIn.xhtml HTTP/1.1" 404 784
127.0.0.1 - - [09/Jun/2022:02:38:43 +0200] "GET / HTTP/1.1" 404 751
0:0:0:0:0:0:0:1 - - [09/Jun/2022:02:38:43 +0200] "GET /internet/jsf/SingIn.xhtml HTTP/1.1" 404 784
0:0:0:0:0:0:0:1 - - [09/Jun/2022:02:38:51 +0200] "GET /internet/jsf/ HTTP/1.1" 404 772
0:0:0:0:0:0:0:1 - - [09/Jun/2022:02:38:57 +0200] "GET /internet/jsf HTTP/1.1" 404 678
0:0:0:0:0:0:0:1 - - [09/Jun/2022:02:39:10 +0200] "GET /internet/jsf/ HTTP/1.1" 404 772
0:0:0:0:0:0:0:1 - - [09/Jun/2022:02:39:15 +0200] "GET /internet/jsf HTTP/1.1" 404 678
0:0:0:0:0:0:0:1 - - [09/Jun/2022:02:39:44 +0200] "GET /internet/jsf HTTP/1.1" 404 678
0:0:0:0:0:0:0:1 - - [09/Jun/2022:02:39:53 +0200] "GET /internet/SignIn.xhtml HTTP/1.1" 200 3475
0:0:0:0:0:0:0:1 - - [09/Jun/2022:02:39:53 +0200] "GET /internet/css/SignInUp.css HTTP/1.1" 200 2197
0:0:0:0:0:0:0:1 - - [09/Jun/2022:02:39:53 +0200] "GET /internet/images/logo.ico HTTP/1.1" 404 783
0:0:0:0:0:0:0:1 - - [09/Jun/2022:02:40:04 +0200] "GET /internet/SignIn.xhtml HTTP/1.1" 304 -
0:0:0:0:0:0:0:1 - - [09/Jun/2022:02:40:04 +0200] "GET /internet/images/logo.ico HTTP/1.1" 404 783
0:0:0:0:0:0:0:1 - - [09/Jun/2022:02:40:09 +0200] "GET /internet/SignIn HTTP/1.1" 404 770
0:0:0:0:0:0:0:1 - - [09/Jun/2022:02:40:16 +0200] "GET /internet/SignIn.jsf HTTP/1.1" 404 774
0:0:0:0:0:0:0:1 - - [09/Jun/2022:02:40:19 +0200] "GET /internet/SignIn HTTP/1.1" 404 770
0:0:0:0:0:0:0:1 - - [09/Jun/2022:02:40:44 +0200] "GET /internet/images/logo.ico HTTP/1.1" 404 783
0:0:0:0:0:0:0:1 - - [09/Jun/2022:02:41:14 +0200] "GET /internet/index HTTP/1.1" 200 38276
0:0:0:0:0:0:0:1 - - [09/Jun/2022:02:41:14 +0200] "GET /internet/css/main.css HTTP/1.1" 200 6434
0:0:0:0:0:0:0:1 - - [09/Jun/2022:02:41:14 +0200] "GET /internet/resource/js/mdb.min.js HTTP/1.1" 304 -
0:0:0:0:0:0:0:1 - - [09/Jun/2022:02:41:14 +0200] "GET /internet/images/9782889510832.jpg HTTP/1.1" 304 -
0:0:0:0:0:0:0:1 - - [09/Jun/2022:02:41:14 +0200] "GET /internet/images/9783407742155.jpg HTTP/1.1" 304 -
0:0:0:0:0:0:0:1 - - [09/Jun/2022:02:41:14 +0200] "GET /internet/images/9783423230124.jpg HTTP/1.1" 304 -
0:0:0:0:0:0:0:1 - - [09/Jun/2022:02:41:14 +0200] "GET /internet/images/9783426282731.jpg HTTP/1.1" 304 -
0:0:0:0:0:0:0:1 - - [09/Jun/2022:02:41:14 +0200] "GET /internet/images/9783423262446.jpg HTTP/1.1" 304 -
0:0:0:0:0:0:0:1 - - [09/Jun/2022:02:41:14 +0200] "GET /internet/images/9783442380299.jpg HTTP/1.1" 304 -
0:0:0:0:0:0:0:1 - - [09/Jun/2022:02:41:14 +0200] "GET /internet/images/9783551354044.jpg HTTP/1.1" 304 -
0:0:0:0:0:0:0:1 - - [09/Jun/2022:02:41:14 +0200] "GET /internet/images/9783957986368.jpg HTTP/1.1" 304 -
0:0:0:0:0:0:0:1 - - [09/Jun/2022:02:41:14 +0200] "GET /internet/images/9783964332820.jpg HTTP/1.1" 304 -
0:0:0:0:0:0:0:1 - - [09/Jun/2022:02:41:15 +0200] "GET /internet/images/logo.ico HTTP/1.1" 404 783
0:0:0:0:0:0:0:1 - - [09/Jun/2022:02:41:18 +0200] "GET /internet/SignIn.html HTTP/1.1" 404 775
0:0:0:0:0:0:0:1 - - [09/Jun/2022:02:41:22 +0200] "GET /internet/images/logo.ico HTTP/1.1" 404 783
127.0.0.1 - - [09/Jun/2022:02:42:06 +0200] "GET / HTTP/1.1" 404 751
0:0:0:0:0:0:0:1 - - [09/Jun/2022:02:42:07 +0200] "GET /internet/SignIn.xhtml HTTP/1.1" 200 5645
0:0:0:0:0:0:0:1 - - [09/Jun/2022:02:42:07 +0200] "GET /internet/javax.faces.resource/core.js.xhtml?ln=primefaces&v=8.0 HTTP/1.1" 200 43146
0:0:0:0:0:0:0:1 - - [09/Jun/2022:02:42:07 +0200] "GET /internet/javax.faces.resource/jquery/jquery.js.xhtml?ln=primefaces&v=8.0 HTTP/1.1" 200 88237
0:0:0:0:0:0:0:1 - - [09/Jun/2022:02:42:07 +0200] "GET /internet/javax.faces.resource/components.js.xhtml?ln=primefaces&v=8.0 HTTP/1.1" 200 435082
0:0:0:0:0:0:0:1 - - [09/Jun/2022:02:42:07 +0200] "GET /internet/javax.faces.resource/components.css.xhtml?ln=primefaces&v=8.0 HTTP/1.1" 200 96256
0:0:0:0:0:0:0:1 - - [09/Jun/2022:02:42:07 +0200] "GET /images/logo.ico HTTP/1.1" 404 770
0:0:0:0:0:0:0:1 - - [09/Jun/2022:02:42:07 +0200] "GET /internet/images/apple-touch-icon.png HTTP/1.1" 404 795
127.0.0.1 - - [09/Jun/2022:02:45:28 +0200] "GET / HTTP/1.1" 404 751
0:0:0:0:0:0:0:1 - - [09/Jun/2022:02:45:29 +0200] "GET /internet/SignIn.xhtml HTTP/1.1" 200 5699
0:0:0:0:0:0:0:1 - - [09/Jun/2022:02:45:29 +0200] "GET /images/logo.ico HTTP/1.1" 404 770
127.0.0.1 - - [09/Jun/2022:02:46:19 +0200] "GET / HTTP/1.1" 404 751
0:0:0:0:0:0:0:1 - - [09/Jun/2022:02:46:20 +0200] "GET /internet/SignIn.xhtml HTTP/1.1" 200 5688
0:0:0:0:0:0:0:1 - - [09/Jun/2022:02:46:20 +0200] "GET /images/logo.ico HTTP/1.1" 404 770
0:0:0:0:0:0:0:1 - - [09/Jun/2022:02:46:22 +0200] "GET /internet/SignIn.xhtml HTTP/1.1" 200 5688
0:0:0:0:0:0:0:1 - - [09/Jun/2022:02:46:22 +0200] "GET /images/logo.ico HTTP/1.1" 404 770
127.0.0.1 - - [09/Jun/2022:02:49:22 +0200] "GET / HTTP/1.1" 404 751
0:0:0:0:0:0:0:1 - - [09/Jun/2022:02:49:26 +0200] "GET /internet/SignIn.xhtml HTTP/1.1" 200 6115
0:0:0:0:0:0:0:1 - - [09/Jun/2022:02:49:26 +0200] "GET /images/logo.ico HTTP/1.1" 404 770
127.0.0.1 - - [09/Jun/2022:02:52:00 +0200] "GET / HTTP/1.1" 404 751
0:0:0:0:0:0:0:1 - - [09/Jun/2022:02:52:03 +0200] "GET /internet/SignIn.xhtml HTTP/1.1" 200 6115
0:0:0:0:0:0:0:1 - - [09/Jun/2022:02:52:03 +0200] "GET /images/logo.ico HTTP/1.1" 404 770
127.0.0.1 - - [09/Jun/2022:02:54:33 +0200] "GET / HTTP/1.1" 404 751
0:0:0:0:0:0:0:1 - - [09/Jun/2022:02:54:34 +0200] "GET /internet/SignIn.xhtml HTTP/1.1" 200 6131
0:0:0:0:0:0:0:1 - - [09/Jun/2022:02:54:34 +0200] "GET /images/logo.ico HTTP/1.1" 404 770
127.0.0.1 - - [09/Jun/2022:02:57:13 +0200] "GET / HTTP/1.1" 404 751
0:0:0:0:0:0:0:1 - - [09/Jun/2022:02:57:26 +0200] "GET /internet/SignIn.xhtml HTTP/1.1" 200 5642
0:0:0:0:0:0:0:1 - - [09/Jun/2022:02:57:26 +0200] "GET /images/logo.ico HTTP/1.1" 404 770
127.0.0.1 - - [09/Jun/2022:02:58:13 +0200] "GET / HTTP/1.1" 404 751
0:0:0:0:0:0:0:1 - - [09/Jun/2022:02:58:13 +0200] "GET /internet/SignIn.xhtml HTTP/1.1" 200 5642
0:0:0:0:0:0:0:1 - - [09/Jun/2022:02:58:13 +0200] "GET /images/logo.ico HTTP/1.1" 404 770
0:0:0:0:0:0:0:1 - - [09/Jun/2022:02:58:56 +0200] "GET /internet/SignIn.xhtml HTTP/1.1" 200 5642
0:0:0:0:0:0:0:1 - - [09/Jun/2022:02:58:56 +0200] "GET /images/logo.ico HTTP/1.1" 404 770
127.0.0.1 - - [09/Jun/2022:03:00:06 +0200] "GET / HTTP/1.1" 404 751
0:0:0:0:0:0:0:1 - - [09/Jun/2022:03:00:06 +0200] "GET /internet/SignIn.xhtml HTTP/1.1" 200 5704
0:0:0:0:0:0:0:1 - - [09/Jun/2022:03:00:06 +0200] "GET /images/logo.ico HTTP/1.1" 404 770
127.0.0.1 - - [09/Jun/2022:03:04:36 +0200] "GET / HTTP/1.1" 404 751
0:0:0:0:0:0:0:1 - - [09/Jun/2022:03:04:36 +0200] "GET /internet/SignIn.xhtml HTTP/1.1" 200 5703
0:0:0:0:0:0:0:1 - - [09/Jun/2022:03:04:36 +0200] "GET /internet/images/logo.ico HTTP/1.1" 404 783
127.0.0.1 - - [09/Jun/2022:03:06:17 +0200] "GET / HTTP/1.1" 404 751
0:0:0:0:0:0:0:1 - - [09/Jun/2022:03:06:18 +0200] "GET /internet/SignIn.xhtml HTTP/1.1" 200 5702
0:0:0:0:0:0:0:1 - - [09/Jun/2022:03:06:18 +0200] "GET /internet/images/logo.ico HTTP/1.1" 404 783
0:0:0:0:0:0:0:1 - - [09/Jun/2022:03:06:39 +0200] "POST /internet/SignIn.xhtml HTTP/1.1" 500 5005
127.0.0.1 - - [09/Jun/2022:03:07:53 +0200] "GET / HTTP/1.1" 404 751
0:0:0:0:0:0:0:1 - - [09/Jun/2022:03:07:53 +0200] "POST /internet/SignIn.xhtml HTTP/1.1" 500 1774
0:0:0:0:0:0:0:1 - - [09/Jun/2022:03:08:00 +0200] "POST /internet/SignIn.xhtml HTTP/1.1" 500 1774
127.0.0.1 - - [09/Jun/2022:03:09:24 +0200] "GET / HTTP/1.1" 404 751
0:0:0:0:0:0:0:1 - - [09/Jun/2022:03:09:25 +0200] "POST /internet/SignIn.xhtml HTTP/1.1" 500 1774
127.0.0.1 - - [09/Jun/2022:03:10:45 +0200] "GET / HTTP/1.1" 404 751
0:0:0:0:0:0:0:1 - - [09/Jun/2022:03:10:52 +0200] "GET /internet/SignIn.xhtml HTTP/1.1" 200 5702
0:0:0:0:0:0:0:1 - - [09/Jun/2022:03:10:52 +0200] "GET /internet/images/logo.ico HTTP/1.1" 404 783
0:0:0:0:0:0:0:1 - - [09/Jun/2022:03:10:58 +0200] "POST /internet/SignIn.xhtml HTTP/1.1" 500 5005
0:0:0:0:0:0:0:1 - - [09/Jun/2022:03:11:55 +0200] "POST /internet/SignIn.xhtml HTTP/1.1" 500 1774
127.0.0.1 - - [09/Jun/2022:03:12:36 +0200] "GET / HTTP/1.1" 404 751
0:0:0:0:0:0:0:1 - - [09/Jun/2022:03:12:39 +0200] "POST /internet/SignIn.xhtml HTTP/1.1" 500 1774
127.0.0.1 - - [09/Jun/2022:03:17:21 +0200] "GET / HTTP/1.1" 404 751
0:0:0:0:0:0:0:1 - - [09/Jun/2022:03:17:23 +0200] "POST /internet/SignIn.xhtml HTTP/1.1" 500 1774
127.0.0.1 - - [09/Jun/2022:03:20:51 +0200] "GET / HTTP/1.1" 404 751
0:0:0:0:0:0:0:1 - - [09/Jun/2022:03:20:57 +0200] "POST /internet/SignIn.xhtml HTTP/1.1" 500 1774
0:0:0:0:0:0:0:1 - - [09/Jun/2022:03:22:10 +0200] "GET /internet/SignIn.xhtml HTTP/1.1" 200 5702
0:0:0:0:0:0:0:1 - - [09/Jun/2022:03:22:10 +0200] "GET /internet/images/logo.ico HTTP/1.1" 200 16558
0:0:0:0:0:0:0:1 - - [09/Jun/2022:03:22:16 +0200] "POST /internet/SignIn.xhtml HTTP/1.1" 500 5005
0:0:0:0:0:0:0:1 - - [09/Jun/2022:03:28:20 +0200] "POST /internet/SignIn.xhtml HTTP/1.1" 500 1774
127.0.0.1 - - [09/Jun/2022:03:29:33 +0200] "GET / HTTP/1.1" 404 751
0:0:0:0:0:0:0:1 - - [09/Jun/2022:03:29:33 +0200] "POST /internet/SignIn.xhtml HTTP/1.1" 500 1774
127.0.0.1 - - [09/Jun/2022:03:32:53 +0200] "GET / HTTP/1.1" 404 751
0:0:0:0:0:0:0:1 - - [09/Jun/2022:03:32:53 +0200] "POST /internet/SignIn.xhtml HTTP/1.1" 500 1774
0:0:0:0:0:0:0:1 - - [09/Jun/2022:03:33:20 +0200] "POST /internet/SignIn.xhtml HTTP/1.1" 500 1774
127.0.0.1 - - [09/Jun/2022:03:33:45 +0200] "GET / HTTP/1.1" 404 751
0:0:0:0:0:0:0:1 - - [09/Jun/2022:03:33:48 +0200] "POST /internet/SignIn.xhtml HTTP/1.1" 500 1774
127.0.0.1 - - [09/Jun/2022:03:34:36 +0200] "GET / HTTP/1.1" 404 751
0:0:0:0:0:0:0:1 - - [09/Jun/2022:03:34:37 +0200] "POST /internet/SignIn.xhtml HTTP/1.1" 500 1774
127.0.0.1 - - [09/Jun/2022:03:35:38 +0200] "GET / HTTP/1.1" 404 751
0:0:0:0:0:0:0:1 - - [09/Jun/2022:03:35:38 +0200] "POST /internet/SignIn.xhtml HTTP/1.1" 500 1774
127.0.0.1 - - [09/Jun/2022:03:36:18 +0200] "GET / HTTP/1.1" 404 751
0:0:0:0:0:0:0:1 - - [09/Jun/2022:03:36:18 +0200] "POST /internet/SignIn.xhtml HTTP/1.1" 500 1774
127.0.0.1 - - [09/Jun/2022:03:38:09 +0200] "GET / HTTP/1.1" 404 751
0:0:0:0:0:0:0:1 - - [09/Jun/2022:03:38:09 +0200] "POST /internet/SignIn.xhtml HTTP/1.1" 500 1774
0:0:0:0:0:0:0:1 - - [09/Jun/2022:03:38:09 +0200] "POST /internet/SignIn.xhtml HTTP/1.1" 500 1774
127.0.0.1 - - [09/Jun/2022:03:39:17 +0200] "GET / HTTP/1.1" 404 751
0:0:0:0:0:0:0:1 - - [09/Jun/2022:03:39:20 +0200] "POST /internet/SignIn.xhtml HTTP/1.1" 500 1774
0:0:0:0:0:0:0:1 - - [09/Jun/2022:03:40:06 +0200] "POST /internet/LoginHandler HTTP/1.1" 404 776
0:0:0:0:0:0:0:1 - - [09/Jun/2022:03:40:16 +0200] "POST /internet/SignIn.xhtml HTTP/1.1" 500 1774
127.0.0.1 - - [09/Jun/2022:03:42:57 +0200] "GET / HTTP/1.1" 404 751
0:0:0:0:0:0:0:1 - - [09/Jun/2022:03:43:05 +0200] "POST /internet/SignIn.xhtml HTTP/1.1" 500 1774
127.0.0.1 - - [09/Jun/2022:03:44:08 +0200] "GET / HTTP/1.1" 404 751
0:0:0:0:0:0:0:1 - - [09/Jun/2022:03:44:08 +0200] "GET /internet/SignIn.xhtml HTTP/1.1" 500 5863
0:0:0:0:0:0:0:1 - - [09/Jun/2022:03:44:08 +0200] "GET /internet/javax.faces.resource/jquery/jquery-plugins.js.xhtml?ln=primefaces&v=8.0 HTTP/1.1" 200 267621
0:0:0:0:0:0:0:1 - - [09/Jun/2022:03:44:20 +0200] "POST /internet/SignIn.xhtml HTTP/1.1" 200 207
0:0:0:0:0:0:0:1 - - [09/Jun/2022:03:44:21 +0200] "POST /internet/SignIn.xhtml HTTP/1.1" 200 207
0:0:0:0:0:0:0:1 - - [09/Jun/2022:03:44:22 +0200] "POST /internet/SignIn.xhtml HTTP/1.1" 200 207
127.0.0.1 - - [09/Jun/2022:03:45:19 +0200] "GET / HTTP/1.1" 404 751
0:0:0:0:0:0:0:1 - - [09/Jun/2022:03:45:19 +0200] "GET /internet/SignIn.xhtml HTTP/1.1" 200 5948
0:0:0:0:0:0:0:1 - - [09/Jun/2022:03:45:28 +0200] "POST /internet/SignIn.xhtml HTTP/1.1" 200 291
0:0:0:0:0:0:0:1 - - [09/Jun/2022:03:45:29 +0200] "POST /internet/SignIn.xhtml HTTP/1.1" 200 291
0:0:0:0:0:0:0:1 - - [09/Jun/2022:03:45:29 +0200] "POST /internet/SignIn.xhtml HTTP/1.1" 200 291
0:0:0:0:0:0:0:1 - - [09/Jun/2022:03:45:57 +0200] "POST /internet/SignIn.xhtml HTTP/1.1" 200 291
0:0:0:0:0:0:0:1 - - [09/Jun/2022:03:45:58 +0200] "POST /internet/SignIn.xhtml HTTP/1.1" 200 291
0:0:0:0:0:0:0:1 - - [09/Jun/2022:03:45:58 +0200] "POST /internet/SignIn.xhtml HTTP/1.1" 200 291
0:0:0:0:0:0:0:1 - - [09/Jun/2022:03:45:58 +0200] "POST /internet/SignIn.xhtml HTTP/1.1" 200 291
0:0:0:0:0:0:0:1 - - [09/Jun/2022:03:45:58 +0200] "POST /internet/SignIn.xhtml HTTP/1.1" 200 291
0:0:0:0:0:0:0:1 - - [09/Jun/2022:03:45:59 +0200] "POST /internet/SignIn.xhtml HTTP/1.1" 200 291
0:0:0:0:0:0:0:1 - - [09/Jun/2022:03:45:59 +0200] "POST /internet/SignIn.xhtml HTTP/1.1" 200 291
0:0:0:0:0:0:0:1 - - [09/Jun/2022:03:45:59 +0200] "POST /internet/SignIn.xhtml HTTP/1.1" 200 291
0:0:0:0:0:0:0:1 - - [09/Jun/2022:03:45:59 +0200] "POST /internet/SignIn.xhtml HTTP/1.1" 200 291
0:0:0:0:0:0:0:1 - - [09/Jun/2022:03:46:00 +0200] "POST /internet/SignIn.xhtml HTTP/1.1" 200 291
0:0:0:0:0:0:0:1 - - [09/Jun/2022:03:46:00 +0200] "POST /internet/SignIn.xhtml HTTP/1.1" 200 291
0:0:0:0:0:0:0:1 - - [09/Jun/2022:03:46:00 +0200] "POST /internet/SignIn.xhtml HTTP/1.1" 200 291
0:0:0:0:0:0:0:1 - - [09/Jun/2022:03:46:18 +0200] "POST /internet/SignIn.xhtml HTTP/1.1" 200 291
0:0:0:0:0:0:0:1 - - [09/Jun/2022:03:46:18 +0200] "POST /internet/SignIn.xhtml HTTP/1.1" 200 291
0:0:0:0:0:0:0:1 - - [09/Jun/2022:03:46:19 +0200] "POST /internet/SignIn.xhtml HTTP/1.1" 200 291
0:0:0:0:0:0:0:1 - - [09/Jun/2022:03:46:19 +0200] "POST /internet/SignIn.xhtml HTTP/1.1" 200 291
0:0:0:0:0:0:0:1 - - [09/Jun/2022:03:46:19 +0200] "POST /internet/SignIn.xhtml HTTP/1.1" 200 291
0:0:0:0:0:0:0:1 - - [09/Jun/2022:03:46:19 +0200] "POST /internet/SignIn.xhtml HTTP/1.1" 200 291
0:0:0:0:0:0:0:1 - - [09/Jun/2022:03:46:20 +0200] "POST /internet/SignIn.xhtml HTTP/1.1" 200 291
0:0:0:0:0:0:0:1 - - [09/Jun/2022:03:46:20 +0200] "POST /internet/SignIn.xhtml HTTP/1.1" 200 291
0:0:0:0:0:0:0:1 - - [09/Jun/2022:03:46:20 +0200] "POST /internet/SignIn.xhtml HTTP/1.1" 200 291
0:0:0:0:0:0:0:1 - - [09/Jun/2022:03:46:21 +0200] "POST /internet/SignIn.xhtml HTTP/1.1" 200 291
0:0:0:0:0:0:0:1 - - [09/Jun/2022:03:46:59 +0200] "GET /internet/SignIn.xhtml HTTP/1.1" 200 5948
0:0:0:0:0:0:0:1 - - [09/Jun/2022:03:47:00 +0200] "POST /internet/SignIn.xhtml HTTP/1.1" 200 291
0:0:0:0:0:0:0:1 - - [09/Jun/2022:03:47:01 +0200] "POST /internet/SignIn.xhtml HTTP/1.1" 200 291
0:0:0:0:0:0:0:1 - - [09/Jun/2022:03:47:01 +0200] "POST /internet/SignIn.xhtml HTTP/1.1" 200 291
0:0:0:0:0:0:0:1 - - [09/Jun/2022:03:47:02 +0200] "POST /internet/SignIn.xhtml HTTP/1.1" 200 291
127.0.0.1 - - [09/Jun/2022:03:47:41 +0200] "GET / HTTP/1.1" 404 751
0:0:0:0:0:0:0:1 - - [09/Jun/2022:03:47:42 +0200] "GET /internet/SignIn.xhtml HTTP/1.1" 200 5948
0:0:0:0:0:0:0:1 - - [09/Jun/2022:03:47:43 +0200] "POST /internet/SignIn.xhtml HTTP/1.1" 200 291
0:0:0:0:0:0:0:1 - - [09/Jun/2022:03:47:48 +0200] "POST /internet/SignIn.xhtml HTTP/1.1" 200 291
0:0:0:0:0:0:0:1 - - [09/Jun/2022:03:47:48 +0200] "POST /internet/SignIn.xhtml HTTP/1.1" 200 291
0:0:0:0:0:0:0:1 - - [09/Jun/2022:03:47:48 +0200] "POST /internet/SignIn.xhtml HTTP/1.1" 200 291
0:0:0:0:0:0:0:1 - - [09/Jun/2022:03:47:48 +0200] "POST /internet/SignIn.xhtml HTTP/1.1" 200 291
0:0:0:0:0:0:0:1 - - [09/Jun/2022:03:47:50 +0200] "POST /internet/SignIn.xhtml HTTP/1.1" 200 291
0:0:0:0:0:0:0:1 - - [09/Jun/2022:03:47:51 +0200] "POST /internet/SignIn.xhtml HTTP/1.1" 200 291
0:0:0:0:0:0:0:1 - - [09/Jun/2022:03:47:51 +0200] "POST /internet/SignIn.xhtml HTTP/1.1" 200 291
0:0:0:0:0:0:0:1 - - [09/Jun/2022:03:47:51 +0200] "POST /internet/SignIn.xhtml HTTP/1.1" 200 291
0:0:0:0:0:0:0:1 - - [09/Jun/2022:03:47:52 +0200] "POST /internet/SignIn.xhtml HTTP/1.1" 200 291
0:0:0:0:0:0:0:1 - - [09/Jun/2022:03:47:53 +0200] "POST /internet/SignIn.xhtml HTTP/1.1" 200 291
0:0:0:0:0:0:0:1 - - [09/Jun/2022:03:47:53 +0200] "POST /internet/SignIn.xhtml HTTP/1.1" 200 291
0:0:0:0:0:0:0:1 - - [09/Jun/2022:03:47:55 +0200] "POST /internet/SignIn.xhtml HTTP/1.1" 200 291
0:0:0:0:0:0:0:1 - - [09/Jun/2022:03:47:55 +0200] "POST /internet/SignIn.xhtml HTTP/1.1" 200 291
0:0:0:0:0:0:0:1 - - [09/Jun/2022:03:47:55 +0200] "POST /internet/SignIn.xhtml HTTP/1.1" 200 291
0:0:0:0:0:0:0:1 - - [09/Jun/2022:03:47:55 +0200] "POST /internet/SignIn.xhtml HTTP/1.1" 200 291
0:0:0:0:0:0:0:1 - - [09/Jun/2022:03:50:28 +0200] "GET /internet/SignIn.xhtml HTTP/1.1" 200 5948
0:0:0:0:0:0:0:1 - - [09/Jun/2022:03:50:30 +0200] "POST /internet/SignIn.xhtml HTTP/1.1" 200 3281
0:0:0:0:0:0:0:1 - - [09/Jun/2022:03:50:30 +0200] "GET /internet/javax.faces.resource/messages/messages.png.xhtml?ln=primefaces&v=8.0 HTTP/1.1" 200 16783
0:0:0:0:0:0:0:1 - - [09/Jun/2022:03:50:39 +0200] "POST /internet/SignIn.xhtml HTTP/1.1" 200 3290
0:0:0:0:0:0:0:1 - - [09/Jun/2022:03:54:05 +0200] "POST /internet/SignIn.xhtml HTTP/1.1" 200 331
0:0:0:0:0:0:0:1 - - [09/Jun/2022:03:54:05 +0200] "POST /internet/SignIn.xhtml HTTP/1.1" 200 331
0:0:0:0:0:0:0:1 - - [09/Jun/2022:03:55:38 +0200] "POST /internet/SignIn.xhtml HTTP/1.1" 200 331
127.0.0.1 - - [09/Jun/2022:03:56:50 +0200] "GET / HTTP/1.1" 404 751
0:0:0:0:0:0:0:1 - - [09/Jun/2022:03:56:53 +0200] "POST /internet/SignIn.xhtml HTTP/1.1" 200 207
0:0:0:0:0:0:0:1 - - [09/Jun/2022:03:57:00 +0200] "POST /internet/SignIn.xhtml HTTP/1.1" 200 207
0:0:0:0:0:0:0:1 - - [09/Jun/2022:03:57:01 +0200] "POST /internet/SignIn.xhtml HTTP/1.1" 200 207
0:0:0:0:0:0:0:1 - - [09/Jun/2022:03:57:08 +0200] "GET /internet/SignIn.xhtml HTTP/1.1" 500 2848
127.0.0.1 - - [09/Jun/2022:03:58:21 +0200] "GET / HTTP/1.1" 404 751
0:0:0:0:0:0:0:1 - - [09/Jun/2022:03:58:22 +0200] "GET /internet/SignIn.xhtml HTTP/1.1" 500 2848
127.0.0.1 - - [09/Jun/2022:03:59:32 +0200] "GET / HTTP/1.1" 404 751
127.0.0.1 - - [09/Jun/2022:03:59:43 +0200] "GET / HTTP/1.1" 404 751
0:0:0:0:0:0:0:1 - - [09/Jun/2022:03:59:44 +0200] "GET /internet/SignIn.xhtml HTTP/1.1" 500 3805
127.0.0.1 - - [09/Jun/2022:04:00:24 +0200] "GET / HTTP/1.1" 404 751
0:0:0:0:0:0:0:1 - - [09/Jun/2022:04:00:25 +0200] "GET /internet/SignIn.xhtml HTTP/1.1" 500 3805
127.0.0.1 - - [09/Jun/2022:04:04:32 +0200] "GET / HTTP/1.1" 404 751
0:0:0:0:0:0:0:1 - - [09/Jun/2022:04:04:37 +0200] "GET /internet/SignIn.xhtml HTTP/1.1" 500 3805
0:0:0:0:0:0:0:1 - - [09/Jun/2022:04:05:15 +0200] "GET /internet/SignIn.xhtml HTTP/1.1" 500 3805
0:0:0:0:0:0:0:1 - - [09/Jun/2022:04:05:21 +0200] "GET /internet/SignIn.xhtml HTTP/1.1" 500 3805
127.0.0.1 - - [09/Jun/2022:04:06:12 +0200] "GET / HTTP/1.1" 404 751
0:0:0:0:0:0:0:1 - - [09/Jun/2022:04:06:20 +0200] "GET /internet/SignIn.xhtml HTTP/1.1" 500 3805
127.0.0.1 - - [09/Jun/2022:04:07:52 +0200] "GET / HTTP/1.1" 404 751
0:0:0:0:0:0:0:1 - - [09/Jun/2022:04:07:52 +0200] "GET /internet/SignIn.xhtml HTTP/1.1" 500 3805
127.0.0.1 - - [09/Jun/2022:04:09:03 +0200] "GET / HTTP/1.1" 404 751
0:0:0:0:0:0:0:1 - - [09/Jun/2022:04:09:03 +0200] "GET /internet/SignIn.xhtml HTTP/1.1" 200 5610
127.0.0.1 - - [09/Jun/2022:04:09:24 +0200] "GET / HTTP/1.1" 404 751
0:0:0:0:0:0:0:1 - - [09/Jun/2022:04:09:24 +0200] "GET /internet/SignIn.xhtml HTTP/1.1" 500 5182
127.0.0.1 - - [09/Jun/2022:04:10:15 +0200] "GET / HTTP/1.1" 404 751
0:0:0:0:0:0:0:1 - - [09/Jun/2022:04:10:15 +0200] "GET /internet/SignIn.xhtml HTTP/1.1" 500 5182
127.0.0.1 - - [09/Jun/2022:04:10:57 +0200] "GET / HTTP/1.1" 404 751
0:0:0:0:0:0:0:1 - - [09/Jun/2022:04:10:58 +0200] "GET /internet/SignIn.xhtml HTTP/1.1" 500 5182
0:0:0:0:0:0:0:1 - - [09/Jun/2022:04:11:21 +0200] "GET /internet/SignIn.xhtml HTTP/1.1" 200 5610
0:0:0:0:0:0:0:1 - - [09/Jun/2022:04:11:22 +0200] "GET /internet/SignIn.xhtml HTTP/1.1" 200 5610
0:0:0:0:0:0:0:1 - - [09/Jun/2022:04:17:13 +0200] "GET /internet/SignIn.xhtml HTTP/1.1" 200 5610
0:0:0:0:0:0:0:1 - - [09/Jun/2022:04:17:35 +0200] "POST /internet/SignIn.xhtml HTTP/1.1" 200 331
127.0.0.1 - - [09/Jun/2022:04:18:49 +0200] "GET / HTTP/1.1" 404 751
0:0:0:0:0:0:0:1 - - [09/Jun/2022:04:18:50 +0200] "GET /internet/SignIn.xhtml HTTP/1.1" 200 5610
0:0:0:0:0:0:0:1 - - [09/Jun/2022:04:19:47 +0200] "POST /internet/SignIn.xhtml HTTP/1.1" 200 331
127.0.0.1 - - [09/Jun/2022:04:21:19 +0200] "GET / HTTP/1.1" 404 751
0:0:0:0:0:0:0:1 - - [09/Jun/2022:04:21:20 +0200] "GET /internet/SignIn.xhtml HTTP/1.1" 200 5610
0:0:0:0:0:0:0:1 - - [09/Jun/2022:04:21:32 +0200] "POST /internet/SignIn.xhtml HTTP/1.1" 200 331
0:0:0:0:0:0:0:1 - - [09/Jun/2022:04:21:56 +0200] "POST /internet/SignIn.xhtml HTTP/1.1" 200 331
0:0:0:0:0:0:0:1 - - [09/Jun/2022:04:21:56 +0200] "POST /internet/SignIn.xhtml HTTP/1.1" 200 331
0:0:0:0:0:0:0:1 - - [09/Jun/2022:04:21:56 +0200] "POST /internet/SignIn.xhtml HTTP/1.1" 200 331
0:0:0:0:0:0:0:1 - - [09/Jun/2022:04:21:57 +0200] "POST /internet/SignIn.xhtml HTTP/1.1" 200 331
0:0:0:0:0:0:0:1 - - [09/Jun/2022:04:22:00 +0200] "POST /internet/SignIn.xhtml HTTP/1.1" 200 331
0:0:0:0:0:0:0:1 - - [09/Jun/2022:04:22:01 +0200] "POST /internet/SignIn.xhtml HTTP/1.1" 200 331
0:0:0:0:0:0:0:1 - - [09/Jun/2022:04:22:01 +0200] "POST /internet/SignIn.xhtml HTTP/1.1" 200 331
0:0:0:0:0:0:0:1 - - [09/Jun/2022:04:22:01 +0200] "POST /internet/SignIn.xhtml HTTP/1.1" 200 331
0:0:0:0:0:0:0:1 - - [09/Jun/2022:04:22:01 +0200] "POST /internet/SignIn.xhtml HTTP/1.1" 200 331
0:0:0:0:0:0:0:1 - - [09/Jun/2022:04:22:02 +0200] "POST /internet/SignIn.xhtml HTTP/1.1" 200 331
0:0:0:0:0:0:0:1 - - [09/Jun/2022:04:22:02 +0200] "POST /internet/SignIn.xhtml HTTP/1.1" 200 331
0:0:0:0:0:0:0:1 - - [09/Jun/2022:04:22:02 +0200] "POST /internet/SignIn.xhtml HTTP/1.1" 200 331
0:0:0:0:0:0:0:1 - - [09/Jun/2022:04:22:02 +0200] "POST /internet/SignIn.xhtml HTTP/1.1" 200 331
0:0:0:0:0:0:0:1 - - [09/Jun/2022:04:22:02 +0200] "POST /internet/SignIn.xhtml HTTP/1.1" 200 331
0:0:0:0:0:0:0:1 - - [09/Jun/2022:04:22:03 +0200] "POST /internet/SignIn.xhtml HTTP/1.1" 200 331
127.0.0.1 - - [09/Jun/2022:04:24:01 +0200] "GET / HTTP/1.1" 404 751
0:0:0:0:0:0:0:1 - - [09/Jun/2022:04:24:01 +0200] "GET /internet/SignIn.xhtml HTTP/1.1" 200 5603
0:0:0:0:0:0:0:1 - - [09/Jun/2022:04:24:14 +0200] "POST /internet/SignIn.xhtml HTTP/1.1" 200 2968
0:0:0:0:0:0:0:1 - - [09/Jun/2022:04:24:26 +0200] "POST /internet/SignIn.xhtml HTTP/1.1" 200 331
0:0:0:0:0:0:0:1 - - [09/Jun/2022:04:24:41 +0200] "POST /internet/SignIn.xhtml HTTP/1.1" 200 331
0:0:0:0:0:0:0:1 - - [09/Jun/2022:04:24:42 +0200] "POST /internet/SignIn.xhtml HTTP/1.1" 200 331
0:0:0:0:0:0:0:1 - - [09/Jun/2022:04:24:48 +0200] "POST /internet/SignIn.xhtml HTTP/1.1" 200 331
0:0:0:0:0:0:0:1 - - [09/Jun/2022:04:24:59 +0200] "POST /internet/SignIn.xhtml HTTP/1.1" 200 331
0:0:0:0:0:0:0:1 - - [09/Jun/2022:04:25:04 +0200] "GET /internet/SignIn.xhtml HTTP/1.1" 200 5603
0:0:0:0:0:0:0:1 - - [09/Jun/2022:04:25:05 +0200] "POST /internet/SignIn.xhtml HTTP/1.1" 200 2959
0:0:0:0:0:0:0:1 - - [09/Jun/2022:04:25:10 +0200] "POST /internet/SignIn.xhtml HTTP/1.1" 200 2959
0:0:0:0:0:0:0:1 - - [09/Jun/2022:04:25:25 +0200] "POST /internet/SignIn.xhtml HTTP/1.1" 200 2962
0:0:0:0:0:0:0:1 - - [09/Jun/2022:04:25:47 +0200] "POST /internet/SignIn.xhtml HTTP/1.1" 200 2963
0:0:0:0:0:0:0:1 - - [09/Jun/2022:04:25:52 +0200] "POST /internet/SignIn.xhtml HTTP/1.1" 200 2961
0:0:0:0:0:0:0:1 - - [09/Jun/2022:04:25:58 +0200] "POST /internet/SignIn.xhtml HTTP/1.1" 200 2988
0:0:0:0:0:0:0:1 - - [09/Jun/2022:04:26:06 +0200] "POST /internet/SignIn.xhtml HTTP/1.1" 200 331
127.0.0.1 - - [09/Jun/2022:04:27:21 +0200] "GET / HTTP/1.1" 404 751
0:0:0:0:0:0:0:1 - - [09/Jun/2022:04:27:22 +0200] "GET /internet/SignIn.xhtml HTTP/1.1" 200 5603
127.0.0.1 - - [09/Jun/2022:04:27:42 +0200] "GET / HTTP/1.1" 404 751
0:0:0:0:0:0:0:1 - - [09/Jun/2022:04:27:42 +0200] "GET /internet/SignIn.xhtml HTTP/1.1" 200 5305
0:0:0:0:0:0:0:1 - - [09/Jun/2022:04:27:48 +0200] "POST /internet/SignIn.xhtml HTTP/1.1" 200 2714
127.0.0.1 - - [09/Jun/2022:04:29:04 +0200] "GET / HTTP/1.1" 404 751
0:0:0:0:0:0:0:1 - - [09/Jun/2022:04:29:04 +0200] "GET /internet/SignIn.xhtml HTTP/1.1" 200 5603
0:0:0:0:0:0:0:1 - - [09/Jun/2022:04:29:09 +0200] "POST /internet/SignIn.xhtml HTTP/1.1" 200 331
127.0.0.1 - - [09/Jun/2022:04:29:44 +0200] "GET / HTTP/1.1" 404 751
0:0:0:0:0:0:0:1 - - [09/Jun/2022:04:30:32 +0200] "GET /internet/SignIn.xhtml HTTP/1.1" 200 5603
0:0:0:0:0:0:0:1 - - [09/Jun/2022:04:30:42 +0200] "GET /internet/SignIn.xhtml HTTP/1.1" 200 5603
127.0.0.1 - - [09/Jun/2022:04:30:55 +0200] "GET / HTTP/1.1" 404 751
0:0:0:0:0:0:0:1 - - [09/Jun/2022:04:30:56 +0200] "GET /internet/SignIn.xhtml HTTP/1.1" 200 5603
0:0:0:0:0:0:0:1 - - [09/Jun/2022:04:31:45 +0200] "POST /internet/SignIn.xhtml HTTP/1.1" 200 2978
0:0:0:0:0:0:0:1 - - [09/Jun/2022:04:31:52 +0200] "POST /internet/SignIn.xhtml HTTP/1.1" 200 3011
127.0.0.1 - - [09/Jun/2022:04:32:47 +0200] "GET / HTTP/1.1" 404 751
0:0:0:0:0:0:0:1 - - [09/Jun/2022:04:32:48 +0200] "GET /internet/SignIn.xhtml HTTP/1.1" 200 5603
0:0:0:0:0:0:0:1 - - [09/Jun/2022:04:32:55 +0200] "POST /internet/SignIn.xhtml HTTP/1.1" 200 3011
127.0.0.1 - - [09/Jun/2022:04:34:08 +0200] "GET / HTTP/1.1" 404 751
0:0:0:0:0:0:0:1 - - [09/Jun/2022:04:34:11 +0200] "POST /internet/SignIn.xhtml HTTP/1.1" 200 207
0:0:0:0:0:0:0:1 - - [09/Jun/2022:04:34:14 +0200] "POST /internet/SignIn.xhtml HTTP/1.1" 200 207
0:0:0:0:0:0:0:1 - - [09/Jun/2022:04:34:19 +0200] "GET /internet/SignIn.xhtml HTTP/1.1" 200 5603
0:0:0:0:0:0:0:1 - - [09/Jun/2022:04:34:35 +0200] "POST /internet/SignIn.xhtml HTTP/1.1" 200 3011
127.0.0.1 - - [09/Jun/2022:04:35:07 +0200] "GET / HTTP/1.1" 404 751
0:0:0:0:0:0:0:1 - - [09/Jun/2022:04:35:07 +0200] "GET /internet/SignIn.xhtml HTTP/1.1" 200 5603
0:0:0:0:0:0:0:1 - - [09/Jun/2022:04:35:14 +0200] "POST /internet/SignIn.xhtml HTTP/1.1" 200 3004
0:0:0:0:0:0:0:1 - - [09/Jun/2022:04:42:58 +0200] "GET /internet/SignIn.xhtml HTTP/1.1" 200 5603
0:0:0:0:0:0:0:1 - - [09/Jun/2022:04:43:25 +0200] "POST /internet/SignIn.xhtml HTTP/1.1" 200 2993
0:0:0:0:0:0:0:1 - - [09/Jun/2022:05:12:40 +0200] "GET /internet/SignIn.xhtml HTTP/1.1" 200 5603
0:0:0:0:0:0:0:1 - - [09/Jun/2022:05:12:58 +0200] "POST /internet/SignIn.xhtml HTTP/1.1" 200 1469
0:0:0:0:0:0:0:1 - - [09/Jun/2022:06:59:39 +0200] "GET /internet/index HTTP/1.1" 200 38276
0:0:0:0:0:0:0:1 - - [09/Jun/2022:06:59:40 +0200] "GET /internet/resource/js/mdb.min.js.map HTTP/1.1" 200 712296
0:0:0:0:0:0:0:1 - - [09/Jun/2022:06:59:42 +0200] "GET /internet/cart.html HTTP/1.1" 404 773
127.0.0.1 - - [09/Jun/2022:07:17:42 +0200] "GET / HTTP/1.1" 404 751
0:0:0:0:0:0:0:1 - - [09/Jun/2022:07:18:24 +0200] "GET /internet/addBook HTTP/1.1" 200 5233
0:0:0:0:0:0:0:1 - - [09/Jun/2022:07:18:34 +0200] "GET /internet/warenkorb.xhtml HTTP/1.1" 404 678
0:0:0:0:0:0:0:1 - - [09/Jun/2022:07:18:43 +0200] "GET /internet/Warenkorb.xhtml HTTP/1.1" 500 3662
127.0.0.1 - - [09/Jun/2022:07:20:43 +0200] "GET / HTTP/1.1" 404 751
0:0:0:0:0:0:0:1 - - [09/Jun/2022:07:20:55 +0200] "GET /internet/Warenkorb.xhtml HTTP/1.1" 200 3727
0:0:0:0:0:0:0:1 - - [09/Jun/2022:07:20:56 +0200] "GET /internet/images/play-store.png HTTP/1.1" 404 789
0:0:0:0:0:0:0:1 - - [09/Jun/2022:07:20:56 +0200] "GET /internet/images/app-store.png HTTP/1.1" 404 788
0:0:0:0:0:0:0:1 - - [09/Jun/2022:07:20:56 +0200] "GET /internet/images/logo2.png HTTP/1.1" 404 784
127.0.0.1 - - [09/Jun/2022:07:23:25 +0200] "GET / HTTP/1.1" 404 751
0:0:0:0:0:0:0:1 - - [09/Jun/2022:07:23:33 +0200] "GET /internet/Warenkorb.xhtml HTTP/1.1" 500 3677
127.0.0.1 - - [09/Jun/2022:07:24:06 +0200] "GET / HTTP/1.1" 404 751
0:0:0:0:0:0:0:1 - - [09/Jun/2022:07:24:07 +0200] "GET /internet/Warenkorb.xhtml HTTP/1.1" 200 4655
0:0:0:0:0:0:0:1 - - [09/Jun/2022:07:24:07 +0200] "GET /internet/images/play-store.png HTTP/1.1" 404 789
0:0:0:0:0:0:0:1 - - [09/Jun/2022:07:24:07 +0200] "GET /internet/images/app-store.png HTTP/1.1" 404 788
0:0:0:0:0:0:0:1 - - [09/Jun/2022:07:24:07 +0200] "GET /internet/images/logo2.png HTTP/1.1" 404 784
0:0:0:0:0:0:0:1 - - [09/Jun/2022:07:24:23 +0200] "GET /internet/Konto.xhtml HTTP/1.1" 404 678
0:0:0:0:0:0:0:1 - - [09/Jun/2022:07:25:29 +0200] "GET /internet/resource/js/mdb.min.js.map HTTP/1.1" 200 712296
127.0.0.1 - - [09/Jun/2022:07:26:38 +0200] "GET / HTTP/1.1" 404 751
0:0:0:0:0:0:0:1 - - [09/Jun/2022:07:26:43 +0200] "GET /internet/Warenkorb.xhtml HTTP/1.1" 200 4702
0:0:0:0:0:0:0:1 - - [09/Jun/2022:07:26:43 +0200] "GET /internet/images/play-store.png HTTP/1.1" 404 789
0:0:0:0:0:0:0:1 - - [09/Jun/2022:07:26:43 +0200] "GET /internet/images/app-store.png HTTP/1.1" 404 788
0:0:0:0:0:0:0:1 - - [09/Jun/2022:07:26:43 +0200] "GET /internet/images/logo2.png HTTP/1.1" 404 784
0:0:0:0:0:0:0:1 - - [09/Jun/2022:07:26:43 +0200] "GET /internet/resource/js/mdb.min.js.map HTTP/1.1" 200 712296
0:0:0:0:0:0:0:1 - - [09/Jun/2022:07:26:45 +0200] "GET /internet/SignIn.xhtml HTTP/1.1" 200 5603
0:0:0:0:0:0:0:1 - - [09/Jun/2022:07:26:47 +0200] "GET /internet/resource/js/mdb.min.js.map HTTP/1.1" 200 712296
127.0.0.1 - - [09/Jun/2022:07:27:47 +0200] "GET / HTTP/1.1" 404 751
127.0.0.1 - - [09/Jun/2022:07:40:48 +0200] "GET / HTTP/1.1" 404 751
0:0:0:0:0:0:0:1 - - [09/Jun/2022:07:40:48 +0200] "GET /internet/Warenkorb.xhtml HTTP/1.1" 200 3539
0:0:0:0:0:0:0:1 - - [09/Jun/2022:07:41:32 +0200] "GET /internet/Warenkorb.xhtml HTTP/1.1" 200 3539
0:0:0:0:0:0:0:1 - - [09/Jun/2022:07:41:39 +0200] "GET /internet/Warenkorb.xhtml HTTP/1.1" 200 3539
0:0:0:0:0:0:0:1 - - [09/Jun/2022:07:41:40 +0200] "GET /internet/Warenkorb.xhtml HTTP/1.1" 200 3539
127.0.0.1 - - [09/Jun/2022:07:41:51 +0200] "GET / HTTP/1.1" 404 751
0:0:0:0:0:0:0:1 - - [09/Jun/2022:07:43:02 +0200] "GET /internet/Warenkorb.xhtml HTTP/1.1" 500 1915
127.0.0.1 - - [09/Jun/2022:07:43:41 +0200] "GET / HTTP/1.1" 404 751
0:0:0:0:0:0:0:1 - - [09/Jun/2022:07:43:41 +0200] "GET /internet/Warenkorb.xhtml HTTP/1.1" 500 1915
127.0.0.1 - - [09/Jun/2022:07:45:41 +0200] "GET / HTTP/1.1" 404 751
0:0:0:0:0:0:0:1 - - [09/Jun/2022:07:45:56 +0200] "GET /internet/Warenkorb.xhtml HTTP/1.1" 500 1915
0:0:0:0:0:0:0:1 - - [09/Jun/2022:07:46:00 +0200] "GET /internet/Warenkorb.xhtml HTTP/1.1" 500 1915
0:0:0:0:0:0:0:1 - - [09/Jun/2022:07:46:51 +0200] "GET /internet/Warenkorb.xhtml HTTP/1.1" 500 1915
0:0:0:0:0:0:0:1 - - [09/Jun/2022:07:49:10 +0200] "GET /internet/Warenkorb.xhtml HTTP/1.1" 200 3539
0:0:0:0:0:0:0:1 - - [09/Jun/2022:07:49:18 +0200] "GET /internet/SignIn.xhtml HTTP/1.1" 200 5603
0:0:0:0:0:0:0:1 - - [09/Jun/2022:07:49:30 +0200] "POST /internet/SignIn.xhtml HTTP/1.1" 200 1469
0:0:0:0:0:0:0:1 - - [09/Jun/2022:07:49:32 +0200] "POST /internet/SignIn.xhtml HTTP/1.1" 200 1469
0:0:0:0:0:0:0:1 - - [09/Jun/2022:07:49:35 +0200] "GET /internet/index HTTP/1.1" 200 38276
0:0:0:0:0:0:0:1 - - [09/Jun/2022:07:49:36 +0200] "GET /internet/cart.html HTTP/1.1" 404 773
0:0:0:0:0:0:0:1 - - [09/Jun/2022:07:49:44 +0200] "GET /internet/Warenkorb.xhtml HTTP/1.1" 200 3539
0:0:0:0:0:0:0:1 - - [09/Jun/2022:07:52:34 +0200] "GET /internet/Warenkorb.xhtml HTTP/1.1" 200 3539
0:0:0:0:0:0:0:1 - - [09/Jun/2022:07:52:37 +0200] "GET /internet/Warenkorb.xhtml HTTP/1.1" 200 3539
0:0:0:0:0:0:0:1 - - [09/Jun/2022:07:52:37 +0200] "GET /internet/Warenkorb.xhtml HTTP/1.1" 200 3539
0:0:0:0:0:0:0:1 - - [09/Jun/2022:07:52:43 +0200] "GET /internet/index HTTP/1.1" 200 38276
127.0.0.1 - - [09/Jun/2022:07:56:53 +0200] "GET / HTTP/1.1" 404 751
0:0:0:0:0:0:0:1 - - [09/Jun/2022:07:56:58 +0200] "GET /internet/index HTTP/1.1" 200 38276
0:0:0:0:0:0:0:1 - - [09/Jun/2022:07:57:01 +0200] "GET /internet/SignIn.html HTTP/1.1" 404 775
0:0:0:0:0:0:0:1 - - [09/Jun/2022:07:57:07 +0200] "GET /internet/SignIn.xhtml HTTP/1.1" 200 5603
0:0:0:0:0:0:0:1 - - [09/Jun/2022:07:57:17 +0200] "POST /internet/SignIn.xhtml HTTP/1.1" 200 1469
0:0:0:0:0:0:0:1 - - [09/Jun/2022:07:58:30 +0200] "POST /internet/SignIn.xhtml HTTP/1.1" 200 1469
0:0:0:0:0:0:0:1 - - [09/Jun/2022:07:58:47 +0200] "POST /internet/SignIn.xhtml HTTP/1.1" 200 1469
0:0:0:0:0:0:0:1 - - [09/Jun/2022:07:59:20 +0200] "GET /internet/index HTTP/1.1" 200 38276
0:0:0:0:0:0:0:1 - - [09/Jun/2022:07:59:24 +0200] "GET /internet/kategorie?genre=Manga HTTP/1.1" 200 7744
0:0:0:0:0:0:0:1 - - [09/Jun/2022:07:59:27 +0200] "GET /internet/SignIn.html HTTP/1.1" 404 775
127.0.0.1 - - [09/Jun/2022:07:59:54 +0200] "GET / HTTP/1.1" 404 751
0:0:0:0:0:0:0:1 - - [09/Jun/2022:08:00:00 +0200] "GET /internet/SignIn.html HTTP/1.1" 404 775
0:0:0:0:0:0:0:1 - - [09/Jun/2022:08:00:01 +0200] "GET /internet/SignIn.html HTTP/1.1" 404 775
0:0:0:0:0:0:0:1 - - [09/Jun/2022:08:00:07 +0200] "GET /internet/kategorie?genre=Manga HTTP/1.1" 200 7753
0:0:0:0:0:0:0:1 - - [09/Jun/2022:08:00:09 +0200] "GET /internet/SignIn.xhtml HTTP/1.1" 200 5603
0:0:0:0:0:0:0:1 - - [09/Jun/2022:08:00:19 +0200] "POST /internet/SignIn.xhtml HTTP/1.1" 200 1469
0:0:0:0:0:0:0:1 - - [09/Jun/2022:08:00:25 +0200] "GET /internet/index HTTP/1.1" 200 38283
0:0:0:0:0:0:0:1 - - [09/Jun/2022:08:00:27 +0200] "GET /internet/Warenkorb.xhtml HTTP/1.1" 200 3539
127.0.0.1 - - [09/Jun/2022:08:05:44 +0200] "GET / HTTP/1.1" 404 751
0:0:0:0:0:0:0:1 - - [09/Jun/2022:08:05:45 +0200] "GET /internet/Warenkorb.xhtml HTTP/1.1" 500 1665
0:0:0:0:0:0:0:1 - - [09/Jun/2022:08:08:13 +0200] "GET /internet/Warenkorb.xhtml HTTP/1.1" 500 1665
127.0.0.1 - - [09/Jun/2022:08:09:55 +0200] "GET / HTTP/1.1" 404 751
0:0:0:0:0:0:0:1 - - [09/Jun/2022:08:09:55 +0200] "GET /internet/Warenkorb.xhtml HTTP/1.1" 500 2023
0:0:0:0:0:0:0:1 - - [09/Jun/2022:08:11:56 +0200] "GET /internet/Warenkorb.xhtml HTTP/1.1" 200 3823
0:0:0:0:0:0:0:1 - - [09/Jun/2022:08:11:56 +0200] "GET /internet/resource/js/mdb.min.js.map HTTP/1.1" 200 712296
127.0.0.1 - - [09/Jun/2022:08:12:56 +0200] "GET / HTTP/1.1" 404 751
0:0:0:0:0:0:0:1 - - [09/Jun/2022:08:12:56 +0200] "GET /internet/Warenkorb.xhtml HTTP/1.1" 200 3717
0:0:0:0:0:0:0:1 - - [09/Jun/2022:08:12:57 +0200] "GET /internet/resource/js/mdb.min.js.map HTTP/1.1" 200 712296
0:0:0:0:0:0:0:1 - - [09/Jun/2022:08:13:58 +0200] "GET /internet/index HTTP/1.1" 200 38283
0:0:0:0:0:0:0:1 - - [09/Jun/2022:08:13:59 +0200] "GET /internet/index HTTP/1.1" 200 38283
0:0:0:0:0:0:0:1 - - [09/Jun/2022:08:14:04 +0200] "GET /internet/kategorie?genre=Manga HTTP/1.1" 200 7753
0:0:0:0:0:0:0:1 - - [09/Jun/2022:08:14:08 +0200] "GET /internet/SignIn.xhtml HTTP/1.1" 200 5603
0:0:0:0:0:0:0:1 - - [09/Jun/2022:08:14:15 +0200] "POST /internet/SignIn.xhtml HTTP/1.1" 200 1469
0:0:0:0:0:0:0:1 - - [09/Jun/2022:08:14:18 +0200] "GET /internet/index HTTP/1.1" 200 38283
0:0:0:0:0:0:0:1 - - [09/Jun/2022:08:14:20 +0200] "GET /internet/Warenkorb.xhtml HTTP/1.1" 200 3717
127.0.0.1 - - [09/Jun/2022:08:14:36 +0200] "GET / HTTP/1.1" 404 751
0:0:0:0:0:0:0:1 - - [09/Jun/2022:08:14:43 +0200] "GET /internet/Warenkorb.xhtml HTTP/1.1" 200 3723
0:0:0:0:0:0:0:1 - - [09/Jun/2022:08:14:47 +0200] "GET /internet/SignIn.xhtml HTTP/1.1" 200 5603
0:0:0:0:0:0:0:1 - - [09/Jun/2022:08:14:54 +0200] "POST /internet/SignIn.xhtml HTTP/1.1" 200 1469
0:0:0:0:0:0:0:1 - - [09/Jun/2022:08:15:02 +0200] "GET /internet/index HTTP/1.1" 200 38283
0:0:0:0:0:0:0:1 - - [09/Jun/2022:08:15:04 +0200] "GET /internet/Warenkorb.xhtml HTTP/1.1" 200 3723
127.0.0.1 - - [09/Jun/2022:08:19:07 +0200] "GET / HTTP/1.1" 404 751
0:0:0:0:0:0:0:1 - - [09/Jun/2022:08:19:07 +0200] "GET /internet/SignIn.xhtml HTTP/1.1" 200 5603
0:0:0:0:0:0:0:1 - - [09/Jun/2022:08:19:15 +0200] "POST /internet/SignIn.xhtml HTTP/1.1" 200 90
0:0:0:0:0:0:0:1 - - [09/Jun/2022:08:19:15 +0200] "GET /internet/Warenkorb.xhtml HTTP/1.1" 200 3723
127.0.0.1 - - [09/Jun/2022:08:20:27 +0200] "GET / HTTP/1.1" 404 751
0:0:0:0:0:0:0:1 - - [09/Jun/2022:08:20:28 +0200] "GET /internet/Warenkorb.xhtml HTTP/1.1" 200 3718
0:0:0:0:0:0:0:1 - - [09/Jun/2022:08:20:35 +0200] "GET /internet/SignIn.xhtml HTTP/1.1" 200 5603
0:0:0:0:0:0:0:1 - - [09/Jun/2022:08:20:42 +0200] "POST /internet/SignIn.xhtml HTTP/1.1" 200 90
0:0:0:0:0:0:0:1 - - [09/Jun/2022:08:20:42 +0200] "GET /internet/Warenkorb.xhtml HTTP/1.1" 200 3718
0:0:0:0:0:0:0:1 - - [09/Jun/2022:08:20:45 +0200] "GET /internet/SignIn.xhtml HTTP/1.1" 200 5603
0:0:0:0:0:0:0:1 - - [09/Jun/2022:08:20:48 +0200] "POST /internet/SignIn.xhtml HTTP/1.1" 200 1460
0:0:0:0:0:0:0:1 - - [09/Jun/2022:08:20:50 +0200] "POST /internet/SignIn.xhtml HTTP/1.1" 200 1460
0:0:0:0:0:0:0:1 - - [09/Jun/2022:08:20:54 +0200] "POST /internet/SignIn.xhtml HTTP/1.1" 200 90
0:0:0:0:0:0:0:1 - - [09/Jun/2022:08:20:54 +0200] "GET /internet/Warenkorb.xhtml HTTP/1.1" 200 3718
127.0.0.1 - - [09/Jun/2022:08:23:37 +0200] "GET / HTTP/1.1" 404 751
0:0:0:0:0:0:0:1 - - [09/Jun/2022:08:24:07 +0200] "GET /internet/SignIn.xhtml HTTP/1.1" 200 5603
0:0:0:0:0:0:0:1 - - [09/Jun/2022:08:24:15 +0200] "POST /internet/SignIn.xhtml HTTP/1.1" 200 310
0:0:0:0:0:0:0:1 - - [09/Jun/2022:08:24:19 +0200] "POST /internet/SignIn.xhtml HTTP/1.1" 200 310
127.0.0.1 - - [09/Jun/2022:08:24:38 +0200] "GET / HTTP/1.1" 404 751
0:0:0:0:0:0:0:1 - - [09/Jun/2022:08:24:38 +0200] "GET /internet/SignIn.xhtml HTTP/1.1" 200 5603
0:0:0:0:0:0:0:1 - - [09/Jun/2022:08:24:50 +0200] "POST /internet/SignIn.xhtml HTTP/1.1" 200 310
0:0:0:0:0:0:0:1 - - [09/Jun/2022:08:25:09 +0200] "POST /internet/SignIn.xhtml HTTP/1.1" 200 310
0:0:0:0:0:0:0:1 - - [09/Jun/2022:08:25:10 +0200] "POST /internet/SignIn.xhtml HTTP/1.1" 200 310
0:0:0:0:0:0:0:1 - - [09/Jun/2022:08:25:11 +0200] "POST /internet/SignIn.xhtml HTTP/1.1" 200 310
0:0:0:0:0:0:0:1 - - [09/Jun/2022:08:25:11 +0200] "POST /internet/SignIn.xhtml HTTP/1.1" 200 310
0:0:0:0:0:0:0:1 - - [09/Jun/2022:08:25:11 +0200] "POST /internet/SignIn.xhtml HTTP/1.1" 200 310
0:0:0:0:0:0:0:1 - - [09/Jun/2022:08:25:11 +0200] "POST /internet/SignIn.xhtml HTTP/1.1" 200 310
0:0:0:0:0:0:0:1 - - [09/Jun/2022:08:25:11 +0200] "POST /internet/SignIn.xhtml HTTP/1.1" 200 310
0:0:0:0:0:0:0:1 - - [09/Jun/2022:08:25:49 +0200] "GET /internet/SignIn.xhtml HTTP/1.1" 200 5603
0:0:0:0:0:0:0:1 - - [09/Jun/2022:08:25:54 +0200] "POST /internet/SignIn.xhtml HTTP/1.1" 200 1460
0:0:0:0:0:0:0:1 - - [09/Jun/2022:08:26:05 +0200] "POST /internet/SignIn.xhtml HTTP/1.1" 200 310
0:0:0:0:0:0:0:1 - - [09/Jun/2022:08:26:16 +0200] "POST /internet/SignIn.xhtml HTTP/1.1" 200 310
0:0:0:0:0:0:0:1 - - [09/Jun/2022:08:26:17 +0200] "POST /internet/SignIn.xhtml HTTP/1.1" 200 310
0:0:0:0:0:0:0:1 - - [09/Jun/2022:08:26:17 +0200] "POST /internet/SignIn.xhtml HTTP/1.1" 200 310
0:0:0:0:0:0:0:1 - - [09/Jun/2022:08:27:17 +0200] "GET /internet/SignIn.xhtml HTTP/1.1" 200 5603
0:0:0:0:0:0:0:1 - - [09/Jun/2022:08:27:29 +0200] "POST /internet/SignIn.xhtml HTTP/1.1" 200 310
0:0:0:0:0:0:0:1 - - [09/Jun/2022:08:28:38 +0200] "GET /internet/SignIn.xhtml HTTP/1.1" 200 5694
0:0:0:0:0:0:0:1 - - [09/Jun/2022:08:28:44 +0200] "POST /internet/SignIn.xhtml HTTP/1.1" 200 1551
0:0:0:0:0:0:0:1 - - [09/Jun/2022:08:28:46 +0200] "POST /internet/SignIn.xhtml HTTP/1.1" 200 1551
0:0:0:0:0:0:0:1 - - [09/Jun/2022:08:28:46 +0200] "POST /internet/SignIn.xhtml HTTP/1.1" 200 1551
0:0:0:0:0:0:0:1 - - [09/Jun/2022:08:28:58 +0200] "POST /internet/SignIn.xhtml HTTP/1.1" 200 310
0:0:0:0:0:0:0:1 - - [09/Jun/2022:08:29:29 +0200] "GET /internet/SignIn.xhtml HTTP/1.1" 200 5694
0:0:0:0:0:0:0:1 - - [09/Jun/2022:08:29:44 +0200] "POST /internet/SignIn.xhtml HTTP/1.1" 200 310
0:0:0:0:0:0:0:1 - - [09/Jun/2022:08:29:46 +0200] "POST /internet/SignIn.xhtml HTTP/1.1" 200 310
0:0:0:0:0:0:0:1 - - [09/Jun/2022:08:29:47 +0200] "POST /internet/SignIn.xhtml HTTP/1.1" 200 310
0:0:0:0:0:0:0:1 - - [09/Jun/2022:08:30:25 +0200] "GET /internet/SignIn.xhtml HTTP/1.1" 200 5694
0:0:0:0:0:0:0:1 - - [09/Jun/2022:08:30:31 +0200] "POST /internet/SignIn.xhtml HTTP/1.1" 200 90
0:0:0:0:0:0:0:1 - - [09/Jun/2022:08:30:31 +0200] "GET /internet/Warenkorb.xhtml HTTP/1.1" 200 3718
0:0:0:0:0:0:0:1 - - [09/Jun/2022:08:31:05 +0200] "GET /internet/SignIn.xhtml HTTP/1.1" 200 5694
0:0:0:0:0:0:0:1 - - [09/Jun/2022:08:31:11 +0200] "POST /internet/SignIn.xhtml HTTP/1.1" 200 90
0:0:0:0:0:0:0:1 - - [09/Jun/2022:08:31:11 +0200] "GET /internet/Warenkorb.xhtml HTTP/1.1" 200 3718
127.0.0.1 - - [09/Jun/2022:08:32:09 +0200] "GET / HTTP/1.1" 404 751
0:0:0:0:0:0:0:1 - - [09/Jun/2022:08:32:09 +0200] "GET /internet/Warenkorb.xhtml HTTP/1.1" 200 3687
0:0:0:0:0:0:0:1 - - [09/Jun/2022:08:32:12 +0200] "GET /internet/SignIn.xhtml HTTP/1.1" 200 5694
0:0:0:0:0:0:0:1 - - [09/Jun/2022:08:32:18 +0200] "POST /internet/SignIn.xhtml HTTP/1.1" 200 90
0:0:0:0:0:0:0:1 - - [09/Jun/2022:08:32:18 +0200] "GET /internet/Warenkorb.xhtml HTTP/1.1" 200 3687
0:0:0:0:0:0:0:1 - - [09/Jun/2022:08:33:17 +0200] "GET /internet/Warenkorb.xhtml HTTP/1.1" 200 3687
0:0:0:0:0:0:0:1 - - [09/Jun/2022:08:33:20 +0200] "GET /internet/SignIn.xhtml HTTP/1.1" 200 5694
0:0:0:0:0:0:0:1 - - [09/Jun/2022:08:33:26 +0200] "POST /internet/SignIn.xhtml HTTP/1.1" 200 1578
0:0:0:0:0:0:0:1 - - [09/Jun/2022:08:33:30 +0200] "POST /internet/SignIn.xhtml HTTP/1.1" 200 90
0:0:0:0:0:0:0:1 - - [09/Jun/2022:08:33:30 +0200] "GET /internet/Warenkorb.xhtml HTTP/1.1" 200 3687
0:0:0:0:0:0:0:1 - - [09/Jun/2022:08:34:03 +0200] "GET /internet/Warenkorb.xhtml HTTP/1.1" 200 3687
127.0.0.1 - - [09/Jun/2022:08:34:49 +0200] "GET / HTTP/1.1" 404 751
0:0:0:0:0:0:0:1 - - [09/Jun/2022:08:34:50 +0200] "GET /internet/Warenkorb.xhtml HTTP/1.1" 200 3508
0:0:0:0:0:0:0:1 - - [09/Jun/2022:08:34:52 +0200] "GET /internet/SignIn.xhtml HTTP/1.1" 200 5694
0:0:0:0:0:0:0:1 - - [09/Jun/2022:08:35:03 +0200] "POST /internet/SignIn.xhtml HTTP/1.1" 200 90
0:0:0:0:0:0:0:1 - - [09/Jun/2022:08:35:03 +0200] "GET /internet/Warenkorb.xhtml HTTP/1.1" 200 3508
0:0:0:0:0:0:0:1 - - [09/Jun/2022:08:35:34 +0200] "GET /internet/Warenkorb.xhtml HTTP/1.1" 200 3508
0:0:0:0:0:0:0:1 - - [09/Jun/2022:08:35:44 +0200] "GET /internet/SignIn.xhtml HTTP/1.1" 200 5694
0:0:0:0:0:0:0:1 - - [09/Jun/2022:08:35:51 +0200] "POST /internet/SignIn.xhtml HTTP/1.1" 200 90
0:0:0:0:0:0:0:1 - - [09/Jun/2022:08:35:51 +0200] "GET /internet/Warenkorb.xhtml HTTP/1.1" 200 3508
127.0.0.1 - - [09/Jun/2022:08:36:19 +0200] "GET / HTTP/1.1" 404 751
0:0:0:0:0:0:0:1 - - [09/Jun/2022:08:36:25 +0200] "GET /internet/SignIn.xhtml HTTP/1.1" 200 5694
0:0:0:0:0:0:0:1 - - [09/Jun/2022:08:36:30 +0200] "POST /internet/SignIn.xhtml HTTP/1.1" 200 90
0:0:0:0:0:0:0:1 - - [09/Jun/2022:08:36:30 +0200] "GET /internet/Warenkorb.xhtml HTTP/1.1" 200 3508
127.0.0.1 - - [09/Jun/2022:08:43:41 +0200] "GET / HTTP/1.1" 404 751
0:0:0:0:0:0:0:1 - - [09/Jun/2022:08:43:41 +0200] "GET /internet/Warenkorb.xhtml HTTP/1.1" 200 3508
0:0:0:0:0:0:0:1 - - [09/Jun/2022:08:43:43 +0200] "GET /internet/SignIn.xhtml HTTP/1.1" 200 5694
0:0:0:0:0:0:0:1 - - [09/Jun/2022:08:43:52 +0200] "POST /internet/SignIn.xhtml HTTP/1.1" 200 90
0:0:0:0:0:0:0:1 - - [09/Jun/2022:08:43:52 +0200] "GET /internet/Warenkorb.xhtml HTTP/1.1" 200 4312
0:0:0:0:0:0:0:1 - - [09/Jun/2022:09:21:01 +0200] "GET /internet/Bestellung.xhtml HTTP/1.1" 404 678
0:0:0:0:0:0:0:1 - - [09/Jun/2022:09:21:16 +0200] "GET /internet/SignIn.xhtml HTTP/1.1" 200 5694
0:0:0:0:0:0:0:1 - - [09/Jun/2022:09:21:23 +0200] "POST /internet/SignIn.xhtml HTTP/1.1" 200 90
0:0:0:0:0:0:0:1 - - [09/Jun/2022:09:21:23 +0200] "GET /internet/Warenkorb.xhtml HTTP/1.1" 200 4312
0:0:0:0:0:0:0:1 - - [09/Jun/2022:09:21:42 +0200] "GET /internet/index HTTP/1.1" 200 38283
0:0:0:0:0:0:0:1 - - [09/Jun/2022:09:21:45 +0200] "GET /internet/Warenkorb.xhtml HTTP/1.1" 200 4312
0:0:0:0:0:0:0:1 - - [09/Jun/2022:09:22:05 +0200] "GET /internet/index HTTP/1.1" 200 38283
0:0:0:0:0:0:0:1 - - [09/Jun/2022:09:22:09 +0200] "GET /internet/Warenkorb.xhtml HTTP/1.1" 200 4312
127.0.0.1 - - [09/Jun/2022:09:49:05 +0200] "GET / HTTP/1.1" 404 751
127.0.0.1 - - [09/Jun/2022:09:49:35 +0200] "GET / HTTP/1.1" 404 751
127.0.0.1 - - [09/Jun/2022:09:50:16 +0200] "GET / HTTP/1.1" 404 751
0:0:0:0:0:0:0:1 - - [09/Jun/2022:09:50:16 +0200] "GET /internet/SignIn.xhtml HTTP/1.1" 200 5603
0:0:0:0:0:0:0:1 - - [09/Jun/2022:09:50:27 +0200] "POST /internet/SignIn.xhtml HTTP/1.1" 200 90
0:0:0:0:0:0:0:1 - - [09/Jun/2022:09:50:27 +0200] "GET /internet/Warenkorb.xhtml HTTP/1.1" 200 4344
127.0.0.1 - - [09/Jun/2022:09:51:26 +0200] "GET / HTTP/1.1" 404 751
0:0:0:0:0:0:0:1 - - [09/Jun/2022:09:51:41 +0200] "GET /internet/Warenkorb.xhtml HTTP/1.1" 200 3508
0:0:0:0:0:0:0:1 - - [09/Jun/2022:09:51:44 +0200] "GET /internet/SignIn.xhtml HTTP/1.1" 200 5603
0:0:0:0:0:0:0:1 - - [09/Jun/2022:09:51:52 +0200] "POST /internet/SignIn.xhtml HTTP/1.1" 200 90
0:0:0:0:0:0:0:1 - - [09/Jun/2022:09:51:52 +0200] "GET /internet/Warenkorb.xhtml HTTP/1.1" 200 4344
127.0.0.1 - - [09/Jun/2022:09:52:37 +0200] "GET / HTTP/1.1" 404 751
0:0:0:0:0:0:0:1 - - [09/Jun/2022:09:52:37 +0200] "GET /internet/Warenkorb.xhtml HTTP/1.1" 200 3508
0:0:0:0:0:0:0:1 - - [09/Jun/2022:09:55:07 +0200] "GET /internet/SignIn.xhtml HTTP/1.1" 200 5603
0:0:0:0:0:0:0:1 - - [09/Jun/2022:09:55:13 +0200] "POST /internet/SignIn.xhtml HTTP/1.1" 200 90
0:0:0:0:0:0:0:1 - - [09/Jun/2022:09:55:13 +0200] "GET /internet/Warenkorb.xhtml HTTP/1.1" 200 4330
127.0.0.1 - - [09/Jun/2022:09:56:28 +0200] "GET / HTTP/1.1" 404 751
0:0:0:0:0:0:0:1 - - [09/Jun/2022:09:56:44 +0200] "GET /internet/SignIn.xhtml HTTP/1.1" 200 5603
0:0:0:0:0:0:0:1 - - [09/Jun/2022:09:56:49 +0200] "POST /internet/SignIn.xhtml HTTP/1.1" 200 1483
0:0:0:0:0:0:0:1 - - [09/Jun/2022:09:56:56 +0200] "POST /internet/SignIn.xhtml HTTP/1.1" 200 90
0:0:0:0:0:0:0:1 - - [09/Jun/2022:09:56:56 +0200] "GET /internet/Warenkorb.xhtml HTTP/1.1" 200 4339
127.0.0.1 - - [09/Jun/2022:09:57:58 +0200] "GET / HTTP/1.1" 404 751
0:0:0:0:0:0:0:1 - - [09/Jun/2022:09:58:02 +0200] "GET /internet/Warenkorb.xhtml HTTP/1.1" 200 3508
0:0:0:0:0:0:0:1 - - [09/Jun/2022:09:58:04 +0200] "GET /internet/SignIn.xhtml HTTP/1.1" 200 5603
0:0:0:0:0:0:0:1 - - [09/Jun/2022:09:58:09 +0200] "POST /internet/SignIn.xhtml HTTP/1.1" 200 90
0:0:0:0:0:0:0:1 - - [09/Jun/2022:09:58:09 +0200] "GET /internet/Warenkorb.xhtml HTTP/1.1" 200 4339
127.0.0.1 - - [09/Jun/2022:10:03:09 +0200] "GET / HTTP/1.1" 404 751
0:0:0:0:0:0:0:1 - - [09/Jun/2022:10:03:10 +0200] "GET /internet/SignIn.xhtml HTTP/1.1" 200 5603
0:0:0:0:0:0:0:1 - - [09/Jun/2022:10:03:35 +0200] "POST /internet/SignIn.xhtml HTTP/1.1" 200 90
0:0:0:0:0:0:0:1 - - [09/Jun/2022:10:03:35 +0200] "GET /internet/Warenkorb.xhtml HTTP/1.1" 200 4339
127.0.0.1 - - [09/Jun/2022:10:04:20 +0200] "GET / HTTP/1.1" 404 751
0:0:0:0:0:0:0:1 - - [09/Jun/2022:10:04:20 +0200] "GET /internet/SignIn.xhtml HTTP/1.1" 200 5603
0:0:0:0:0:0:0:1 - - [09/Jun/2022:10:04:29 +0200] "POST /internet/SignIn.xhtml HTTP/1.1" 200 90
0:0:0:0:0:0:0:1 - - [09/Jun/2022:10:04:29 +0200] "GET /internet/Warenkorb.xhtml HTTP/1.1" 200 4339
127.0.0.1 - - [09/Jun/2022:10:05:50 +0200] "GET / HTTP/1.1" 404 751
0:0:0:0:0:0:0:1 - - [09/Jun/2022:10:05:50 +0200] "GET /internet/SignIn.xhtml HTTP/1.1" 200 5603
0:0:0:0:0:0:0:1 - - [09/Jun/2022:10:05:58 +0200] "POST /internet/SignIn.xhtml HTTP/1.1" 200 90
0:0:0:0:0:0:0:1 - - [09/Jun/2022:10:05:58 +0200] "GET /internet/Warenkorb.xhtml HTTP/1.1" 200 4339
0:0:0:0:0:0:0:1 - - [09/Jun/2022:10:08:59 +0200] "GET /internet/SignIn.xhtml HTTP/1.1" 200 5603
0:0:0:0:0:0:0:1 - - [09/Jun/2022:10:09:09 +0200] "POST /internet/SignIn.xhtml HTTP/1.1" 200 90
0:0:0:0:0:0:0:1 - - [09/Jun/2022:10:09:09 +0200] "GET /internet/Warenkorb.xhtml HTTP/1.1" 200 4339
0:0:0:0:0:0:0:1 - - [09/Jun/2022:10:09:56 +0200] "GET /internet/SignIn.xhtml HTTP/1.1" 200 5603
0:0:0:0:0:0:0:1 - - [09/Jun/2022:10:10:03 +0200] "POST /internet/SignIn.xhtml HTTP/1.1" 200 90
0:0:0:0:0:0:0:1 - - [09/Jun/2022:10:10:03 +0200] "GET /internet/Warenkorb.xhtml HTTP/1.1" 200 4339
0:0:0:0:0:0:0:1 - - [09/Jun/2022:10:10:49 +0200] "GET /internet/SignIn.xhtml HTTP/1.1" 200 5603
0:0:0:0:0:0:0:1 - - [09/Jun/2022:10:10:59 +0200] "POST /internet/SignIn.xhtml HTTP/1.1" 200 90
0:0:0:0:0:0:0:1 - - [09/Jun/2022:10:10:59 +0200] "GET /internet/Warenkorb.xhtml HTTP/1.1" 200 4339
127.0.0.1 - - [09/Jun/2022:10:11:40 +0200] "GET / HTTP/1.1" 404 751
0:0:0:0:0:0:0:1 - - [09/Jun/2022:10:11:41 +0200] "GET /internet/SignIn.xhtml HTTP/1.1" 200 5603
0:0:0:0:0:0:0:1 - - [09/Jun/2022:10:11:48 +0200] "POST /internet/SignIn.xhtml HTTP/1.1" 200 90
0:0:0:0:0:0:0:1 - - [09/Jun/2022:10:11:48 +0200] "GET /internet/Warenkorb.xhtml HTTP/1.1" 200 4339
0:0:0:0:0:0:0:1 - - [09/Jun/2022:10:13:16 +0200] "GET /internet/SignIn.xhtml HTTP/1.1" 200 5711
0:0:0:0:0:0:0:1 - - [09/Jun/2022:10:13:20 +0200] "POST /internet/SignIn.xhtml HTTP/1.1" 200 90
0:0:0:0:0:0:0:1 - - [09/Jun/2022:10:13:20 +0200] "GET /internet/Warenkorb.xhtml HTTP/1.1" 200 4339
127.0.0.1 - - [09/Jun/2022:10:31:52 +0200] "GET / HTTP/1.1" 404 751
0:0:0:0:0:0:0:1 - - [09/Jun/2022:10:32:17 +0200] "GET /internet/SignIn.html HTTP/1.1" 404 775
0:0:0:0:0:0:0:1 - - [09/Jun/2022:10:32:24 +0200] "GET /internet/SignIn.xhtml HTTP/1.1" 200 5603
0:0:0:0:0:0:0:1 - - [09/Jun/2022:10:32:30 +0200] "POST /internet/SignIn.xhtml HTTP/1.1" 200 90
0:0:0:0:0:0:0:1 - - [09/Jun/2022:10:32:30 +0200] "GET /internet/Warenkorb.xhtml HTTP/1.1" 200 4339
0:0:0:0:0:0:0:1 - - [09/Jun/2022:10:37:39 +0200] "GET /internet/index HTTP/1.1" 200 38283
127.0.0.1 - - [09/Jun/2022:10:41:13 +0200] "GET / HTTP/1.1" 404 751
0:0:0:0:0:0:0:1 - - [09/Jun/2022:10:41:21 +0200] "GET /internet/resource/js/mdb.min.js.map HTTP/1.1" 200 712296
0:0:0:0:0:0:0:1 - - [09/Jun/2022:10:42:52 +0200] "GET /internet/index HTTP/1.1" 200 38040
0:0:0:0:0:0:0:1 - - [09/Jun/2022:10:42:52 +0200] "GET /internet/resource/js/mdb.min.js.map HTTP/1.1" 200 712296
